Microchip MPLAB XC8 Compiler V2.50

Linker command line:

-W-3 \
  --edf=C:\Program Files\Microchip\xc8\v2.50\pic\dat\20240725155939_en.msgs \
  -pivt0x8=08h -cn -h+dist/default/production\GUSWATCH.X.production.sym \
  --cmf=dist/default/production\GUSWATCH.X.production.cmf -z -Q18F57Q43 \
  -oC:\Users\Joseph\AppData\Local\Temp\xcAs10ao.\driver_tmp_3.o \
  --defsym=__MPLAB_BUILD=1 --fixupoverflow=error \
  -Mdist/default/production/GUSWATCH.X.production.map \
  --md=C:\Users\Joseph\AppData\Local\Temp\xcAs10ao.\driver_tmp_0.dat -E1 \
  -ver=XC8 Compiler --acfsm=1493 -ACODE=00h-01FFFFh -ACONST=00h-01FFFFh \
  -ASMALLCONST=02600h-026FFhx474 \
  -AMEDIUMCONST=02600h-0FFFFh,012600h-01FFFFh -ACOMRAM=0501h-055Fh \
  -AABS1=0500h-024FFh -ABIGRAM=0501h-024FFh \
  -ARAM=0560h-05FFh,0600h-06FFhx31 -ABANK5=0560h-05FFh -ABANK6=0600h-06FFh \
  -ABANK7=0700h-07FFh -ABANK8=0800h-08FFh -ABANK9=0900h-09FFh \
  -ABANK10=0A00h-0AFFh -ABANK11=0B00h-0BFFh -ABANK12=0C00h-0CFFh \
  -ABANK13=0D00h-0DFFh -ABANK14=0E00h-0EFFh -ABANK15=0F00h-0FFFh \
  -ABANK16=01000h-010FFh -ABANK17=01100h-011FFh -ABANK18=01200h-012FFh \
  -ABANK19=01300h-013FFh -ABANK20=01400h-014FFh -ABANK21=01500h-015FFh \
  -ABANK22=01600h-016FFh -ABANK23=01700h-017FFh -ABANK24=01800h-018FFh \
  -ABANK25=01900h-019FFh -ABANK26=01A00h-01AFFh -ABANK27=01B00h-01BFFh \
  -ABANK28=01C00h-01CFFh -ABANK29=01D00h-01DFFh -ABANK30=01E00h-01EFFh \
  -ABANK31=01F00h-01FFFh -ABANK32=02000h-020FFh -ABANK33=02100h-021FFh \
  -ABANK34=02200h-022FFh -ABANK35=02300h-023FFh -ABANK36=02400h-024FFh \
  -ASFR=00h-0FFhx4,0400h-045Fh,0460h-04FFh,02500h-025FFh \
  -ABIGSFR=00h-04FFh,02500h-025FFh -ACONFIG=0300000h-0300011h \
  -AIDLOC=0200000h-020003Fh -AEEDATA=0380000h-03803FFh -peeprom_data=EEDATA \
  -preset_vec=00h -ppowerup=CODE,init -pramtop=02600h \
  -psmallconst=SMALLCONST -pmediumconst=MEDIUMCONST -pconst=CONST \
  -AFARRAM=00h-00h \
  -prdata=COMRAM,nvrram=COMRAM,nvbit=COMRAM,rbss=COMRAM,rbit=COMRAM \
  -pfarbss=FARRAM,fardata=FARRAM,nvFARRAM=FARRAM \
  -pintsave_regs=BIGRAM,bigbss=BIGRAM,bigdata=BIGRAM -pbss=RAM \
  -pidata=CODE,irdata=CODE,ibigdata=CODE,ifardata=CODE -prparam=COMRAM \
  C:\Users\Joseph\AppData\Local\Temp\xcAs10ao.\driver_tmp_9.o \
  dist/default/production\GUSWATCH.X.production.o 

Object code version is 3.11

Machine type is 18F57Q43



                Name                               Link     Load   Length Selector   Space Scale
C:\Users\Joseph\AppData\Local\Temp\xcAs10ao.\driver_tmp_9.o
                config                           300000   300000        A        0       4
                init                                102      102        4        4       0
                reset_vec                             0        0        4        0       0
dist/default/production\GUSWATCH.X.production.o
                config                           300000   300000        A        0       4
                mediumconst                        E974     E974     168C     74BA       0
                ivt0x8                                8        8       FA        4       0
                text19                            1126C    1126C       5C     449B       0
                text18                            1107E    1107E       B4     8000       0
                text17                            1135C    1135C       42     449B       0
                text16                            11454    11454       34     449B       0
                text15                            10E10    10E10       EC     8000       0
                text14                            10EFC    10EFC       C2     8000       0
                text13                            11206    11206       64     8000       0
                text12                            11312    11312       4A     449B       0
                text11                            1141C    1141C       38     449B       0
                text10                            10000    10000      39E     8000       0
                text9                             109D0    109D0      236     8000       0
                text8                             106FE    106FE      2D2     8000       0
                text7                             113DE    113DE       3E     449B       0
                text6                             1039E    1039E      360     8000       0
                text5                             112C8    112C8       4A     449B       0
                text4                             10FBE    10FBE       C0     8000       0
                text3                             10C06    10C06      20A     8000       0
                text2                             11488    11488       1E     449B       0
                text1                             1119E    1119E       68     8000       0
                text0                             11132    11132       6C     8000       0
                cstackCOMRAM                        501      501       44      501       1
                bssBIGRAM                           585      585     10C4      585       1
                bssBANK5                            560      560       25      560       1
                bssCOMRAM                           545      545       19      501       1
                cinit                             1139E    1139E       40     449B       0

TOTAL           Name                               Link     Load   Length     Space
        CLASS   CODE           
                init                                102      102        4         0
                reset_vec                             0        0        4         0
                ivt0x8                                8        8       FA         0
                text19                            1126C    1126C       5C         0
                text18                            1107E    1107E       B4         0
                text17                            1135C    1135C       42         0
                text16                            11454    11454       34         0
                text15                            10E10    10E10       EC         0
                text14                            10EFC    10EFC       C2         0
                text13                            11206    11206       64         0
                text12                            11312    11312       4A         0
                text11                            1141C    1141C       38         0
                text10                            10000    10000      39E         0
                text9                             109D0    109D0      236         0
                text8                             106FE    106FE      2D2         0
                text7                             113DE    113DE       3E         0
                text6                             1039E    1039E      360         0
                text5                             112C8    112C8       4A         0
                text4                             10FBE    10FBE       C0         0
                text3                             10C06    10C06      20A         0
                text2                             11488    11488       1E         0
                text1                             1119E    1119E       68         0
                text0                             11132    11132       6C         0
                cinit                             1139E    1139E       40         0

        CLASS   CONST          

        CLASS   SMALLCONST     

        CLASS   MEDIUMCONST    
                mediumconst                        E974     E974     168C         0

        CLASS   COMRAM         
                cstackCOMRAM                        501      501       44         1
                bssCOMRAM                           545      545       19         1

        CLASS   ABS1           

        CLASS   BIGRAM         
                bssBIGRAM                           585      585     10C4         1

        CLASS   RAM            

        CLASS   BANK5          
                bssBANK5                            560      560       25         1

        CLASS   BANK6          

        CLASS   BANK7          

        CLASS   BANK8          

        CLASS   BANK9          

        CLASS   BANK10         

        CLASS   BANK11         

        CLASS   BANK12         

        CLASS   BANK13         

        CLASS   BANK14         

        CLASS   BANK15         

        CLASS   BANK16         

        CLASS   BANK17         

        CLASS   BANK18         

        CLASS   BANK19         

        CLASS   BANK20         

        CLASS   BANK21         

        CLASS   BANK22         

        CLASS   BANK23         

        CLASS   BANK24         

        CLASS   BANK25         

        CLASS   BANK26         

        CLASS   BANK27         

        CLASS   BANK28         

        CLASS   BANK29         

        CLASS   BANK30         

        CLASS   BANK31         

        CLASS   BANK32         

        CLASS   BANK33         

        CLASS   BANK34         

        CLASS   BANK35         

        CLASS   BANK36         

        CLASS   SFR            

        CLASS   BIGSFR         

        CLASS   CONFIG         
                config                           300000   300000        A         4

        CLASS   IDLOC          

        CLASS   EEDATA         

        CLASS   FARRAM         

        CLASS   HEAP           

        CLASS   STACK          



SEGMENTS        Name                           Load    Length   Top    Selector   Space  Class

                reset_vec                      000000  000004  000004         0       0  CODE    
                ivt0x8                         000008  0000FE  000106         4       0  CODE    
                cstackCOMRAM                   000501  00005D  00055E       501       1  COMRAM  
                bssBANK5                       000560  000025  000585       560       1  BANK5   
                bssBIGRAM                      000585  0010C4  001649       585       1  BIGRAM  
                mediumconst                    00E974  00168C  010000      74BA       0  MEDIUMCO
                text10                         010000  00126A  01126A      8000       0  CODE    
                text19                         01126C  00023A  0114A6      449B       0  CODE    


UNUSED ADDRESS RANGES

        Name                Unused          Largest block    Delta
        BANK22           001649-0016FF               B7
        BANK23           001700-0017FF              100
        BANK24           001800-0018FF              100
        BANK25           001900-0019FF              100
        BANK26           001A00-001AFF              100
        BANK27           001B00-001BFF              100
        BANK28           001C00-001CFF              100
        BANK29           001D00-001DFF              100
        BANK30           001E00-001EFF              100
        BANK31           001F00-001FFF              100
        BANK32           002000-0020FF              100
        BANK33           002100-0021FF              100
        BANK34           002200-0022FF              100
        BANK35           002300-0023FF              100
        BANK36           002400-0024FF              100
        BIGRAM           00055E-00055F                2
                         001649-0024FF              EB7
        BIGSFR           000000-0004FF              500
                         002500-0025FF              100
        CODE             000004-000007                4
                         000106-00E973             E86E
                         01126A-01126B                2
                         0114A6-01FFFF             EB5A
        COMRAM           00055E-00055F                2
        CONFIG           30000A-300011                8
        CONST            000004-000007                4
                         000106-00E973             E86E
                         01126A-01126B                2
                         0114A6-01FFFF             EB5A
        EEDATA           380000-3803FF              400
        IDLOC            200000-20003F               40
        MEDIUMCONST      002600-00E973             C374
                         012600-01FFFF             DA00
        RAM              001649-0024FF              100
        SFR              000000-0004FF              100
                         002500-0025FF              100
        SMALLCONST       002600-00E973              100
                         01126A-01126B                2
                         0114A6-01FFFF              100

                                  Symbol Table

?___awdiv                         cstackCOMRAM 000503
?___lwmod                         cstackCOMRAM 000503
?_strlen                          cstackCOMRAM 000503
I2C1_WRITESINGLEBYTE@buffer       cstackCOMRAM 000507
I2C1_WRITESINGLEBYTE@dato         cstackCOMRAM 000503
I2C1_WRITESINGLEBYTE@direccion    cstackCOMRAM 000506
I2C1_WRITESINGLEBYTE@len          cstackCOMRAM 000505
IVTBASEH                          (abs)        00045E
IVTBASEL                          (abs)        00045D
IVTBASEU                          (abs)        00045F
SSD1306_I2C_Animation@SSD1306     cstackCOMRAM 000514
SSD1306_I2C_Animation@buffer_pos  cstackCOMRAM 000526
SSD1306_I2C_Animation@col         cstackCOMRAM 000529
SSD1306_I2C_Animation@height      cstackCOMRAM 000519
SSD1306_I2C_Animation@i           cstackCOMRAM 00052A
SSD1306_I2C_Animation@i_479       cstackCOMRAM 00052B
SSD1306_I2C_Animation@image       cstackCOMRAM 000516
SSD1306_I2C_Animation@img_ptr     cstackCOMRAM 000522
SSD1306_I2C_Animation@initialized bssCOMRAM    00055D
SSD1306_I2C_Animation@page        cstackCOMRAM 000528
SSD1306_I2C_Animation@pages       cstackCOMRAM 000524
SSD1306_I2C_Animation@start_page  cstackCOMRAM 000525
SSD1306_I2C_Animation@width       cstackCOMRAM 000518
SSD1306_I2C_Cadena@SSD1306        cstackCOMRAM 000534
SSD1306_I2C_Cadena@length         cstackCOMRAM 000542
SSD1306_I2C_Cadena@start_x        cstackCOMRAM 000543
SSD1306_I2C_Cadena@text           cstackCOMRAM 00053A
SSD1306_I2C_Cadena@x              cstackCOMRAM 000536
SSD1306_I2C_Cadena@y              cstackCOMRAM 000538
SSD1306_I2C_Caracter@SSD1306      cstackCOMRAM 00051A
SSD1306_I2C_Caracter@b            cstackCOMRAM 000533
SSD1306_I2C_Caracter@cnt          cstackCOMRAM 000531
SSD1306_I2C_Caracter@font_idx     cstackCOMRAM 00052B
SSD1306_I2C_Caracter@rowcnt       cstackCOMRAM 00052F
SSD1306_I2C_Caracter@temp         cstackCOMRAM 00052D
SSD1306_I2C_Caracter@value        cstackCOMRAM 000520
SSD1306_I2C_Caracter@x            cstackCOMRAM 00051C
SSD1306_I2C_Caracter@y            cstackCOMRAM 00051E
SSD1306_I2C_DrawPixel@SSD1306     cstackCOMRAM 00050B
SSD1306_I2C_DrawPixel@x           cstackCOMRAM 00050D
SSD1306_I2C_DrawPixel@y           cstackCOMRAM 00050F
SSD1306_I2C_Init@SSD1306          cstackCOMRAM 000514
SSD1306_I2C_SendCommand@SSD1306   cstackCOMRAM 000508
SSD1306_I2C_SendCommand@command   cstackCOMRAM 00050A
SSD1306_I2C_SendData@SSD1306      cstackCOMRAM 000508
SSD1306_I2C_SetFont@SSD1306       cstackCOMRAM 000503
SSD1306_I2C_SetFont@font          cstackCOMRAM 000505
SSD1306_I2C_Update@SSD1306        cstackCOMRAM 00050B
SSD1306_I2C_Update@i              cstackCOMRAM 000511
SSD1306_I2C_Update@x              cstackCOMRAM 000513
U1_INIT@velocidad                 cstackCOMRAM 000503
_ANSELCbits                       (abs)        000410
_ANSELEbits                       (abs)        000420
_ANSELFbits                       (abs)        000428
_BIG_FONTS                        mediumconst  00F1B6
_I2C1ADB1                         (abs)        00028F
_I2C1CLKbits                      (abs)        00029C
_I2C1CNT                          (abs)        00028D
_I2C1CON0bits                     (abs)        000294
_I2C1CON1bits                     (abs)        000295
_I2C1CON2bits                     (abs)        000296
_I2C1PIRbits                      (abs)        00029A
_I2C1STAT0bits                    (abs)        000298
_I2C1STAT1bits                    (abs)        000299
_I2C1TXB                          (abs)        00028C
_I2C1_INIT                        text5        0112C8
_I2C1_WRITESINGLEBYTE             text18       01107E
_INTCON0bits                      (abs)        0004D6
_ODCONCbits                       (abs)        000412
_OSCCON1                          (abs)        0000AD
_OSCEN                            (abs)        0000B3
_OSCFRQ                           (abs)        0000B1
_PIE4bits                         (abs)        0004A2
_PIR4bits                         (abs)        0004B2
_RC3I2Cbits                       (abs)        000287
_RC3PPS                           (abs)        000214
_RC4I2Cbits                       (abs)        000286
_RC4PPS                           (abs)        000215
_RF0PPS                           (abs)        000229
_SMALL_FONTS                      mediumconst  00FD9A
_SOVIET_FONTS                     mediumconst  00E975
_SSD1306                          bssBANK5     000560
_SSD1306_I2C_Animation            text10       010000
_SSD1306_I2C_Cadena               text6        01039E
_SSD1306_I2C_Caracter             text8        0106FE
_SSD1306_I2C_DrawPixel            text9        0109D0
_SSD1306_I2C_Init                 text3        010C06
_SSD1306_I2C_SendCommand          text17       01135C
_SSD1306_I2C_SendData             text16       011454
_SSD1306_I2C_SetFont              text4        010FBE
_SSD1306_I2C_Update               text15       010E10
_TINY_FONTS                       mediumconst  00F095
_TRISCbits                        (abs)        0004C8
_TRISEbits                        (abs)        0004CA
_TRISFbits                        (abs)        0004CB
_U1BRGH                           (abs)        0002AF
_U1BRGL                           (abs)        0002AE
_U1CON0                           (abs)        0002AB
_U1CON1                           (abs)        0002AC
_U1CON2                           (abs)        0002AD
_U1ERRIRbits                      (abs)        0002B2
_U1RXB                            (abs)        0002A1
_U1RXPPS                          (abs)        000272
_U1RX_ISR                         text19       01126C
_U1TXB                            (abs)        0002A3
_U1_INIT                          text2        011488
__HRAM                            (abs)        000000
__H__absolute__                   __absolute__ 000000
__Habs1                           abs1         000000
__Hbank10                         bank10       000000
__Hbank11                         bank11       000000
__Hbank12                         bank12       000000
__Hbank13                         bank13       000000
__Hbank14                         bank14       000000
__Hbank15                         bank15       000000
__Hbank16                         bank16       000000
__Hbank17                         bank17       000000
__Hbank18                         bank18       000000
__Hbank19                         bank19       000000
__Hbank20                         bank20       000000
__Hbank21                         bank21       000000
__Hbank22                         bank22       000000
__Hbank23                         bank23       000000
__Hbank24                         bank24       000000
__Hbank25                         bank25       000000
__Hbank26                         bank26       000000
__Hbank27                         bank27       000000
__Hbank28                         bank28       000000
__Hbank29                         bank29       000000
__Hbank30                         bank30       000000
__Hbank31                         bank31       000000
__Hbank32                         bank32       000000
__Hbank33                         bank33       000000
__Hbank34                         bank34       000000
__Hbank35                         bank35       000000
__Hbank36                         bank36       000000
__Hbank5                          bank5        000000
__Hbank6                          bank6        000000
__Hbank7                          bank7        000000
__Hbank8                          bank8        000000
__Hbank9                          bank9        000000
__Hbigbss                         bigbss       000000
__Hbigdata                        bigdata      000000
__Hbigram                         bigram       000000
__Hbigsfr                         bigsfr       000000
__Hbss                            bss          000000
__HbssBANK5                       bssBANK5     000000
__HbssBIGRAM                      bssBIGRAM    000000
__HbssCOMRAM                      bssCOMRAM    000000
__Hcinit                          cinit        000000
__Hclrtext                        clrtext      000000
__Hcomram                         comram       000000
__Hconfig                         config       30000A
__Hconst                          const        000000
__HcstackCOMRAM                   cstackCOMRAM 000000
__Hdata                           data         000000
__Heeprom_data                    eeprom_data  000000
__Hfarbss                         farbss       000000
__Hfardata                        fardata      000000
__Hheap                           heap         000000
__Hibigdata                       ibigdata     000000
__Hidata                          idata        000000
__Hidloc                          idloc        000000
__Hifardata                       ifardata     000000
__Hinit                           init         000106
__Hintsave_regs                   intsave_regs 000000
__Hirdata                         irdata       000000
__Hivt0x8                         ivt0x8       000102
__Hmediumconst                    mediumconst  010000
__HnvFARRAM                       nvFARRAM     000000
__Hnvbit                          nvbit        000000
__Hnvrram                         nvrram       000000
__Hparam                          rparam       000000
__Hpowerup                        powerup      000000
__Hram                            ram          000000
__Hramtop                         ramtop       002600
__Hrbit                           rbit         000000
__Hrbss                           rbss         000000
__Hrdata                          rdata        000000
__Hreset_vec                      reset_vec    000004
__Hrparam                         rparam       000000
__Hsfr                            sfr          000000
__Hsmallconst                     smallconst   000000
__Hspace_0                        (abs)        0114A6
__Hspace_1                        (abs)        001649
__Hspace_2                        (abs)        000000
__Hspace_4                        (abs)        60000A
__Hstack                          stack        000000
__Hstruct                         struct       000000
__Htemp                           temp         000000
__Htext                           text         000000
__Htext0                          text0        000000
__Htext1                          text1        000000
__Htext10                         text10       000000
__Htext11                         text11       000000
__Htext12                         text12       000000
__Htext13                         text13       000000
__Htext14                         text14       000000
__Htext15                         text15       000000
__Htext16                         text16       000000
__Htext17                         text17       000000
__Htext18                         text18       000000
__Htext19                         text19       000000
__Htext2                          text2        000000
__Htext3                          text3        000000
__Htext4                          text4        000000
__Htext5                          text5        000000
__Htext6                          text6        000000
__Htext7                          text7        000000
__Htext8                          text8        000000
__Htext9                          text9        000000
__LRAM                            (abs)        000001
__L__absolute__                   __absolute__ 000000
__Labs1                           abs1         000000
__Lbank10                         bank10       000000
__Lbank11                         bank11       000000
__Lbank12                         bank12       000000
__Lbank13                         bank13       000000
__Lbank14                         bank14       000000
__Lbank15                         bank15       000000
__Lbank16                         bank16       000000
__Lbank17                         bank17       000000
__Lbank18                         bank18       000000
__Lbank19                         bank19       000000
__Lbank20                         bank20       000000
__Lbank21                         bank21       000000
__Lbank22                         bank22       000000
__Lbank23                         bank23       000000
__Lbank24                         bank24       000000
__Lbank25                         bank25       000000
__Lbank26                         bank26       000000
__Lbank27                         bank27       000000
__Lbank28                         bank28       000000
__Lbank29                         bank29       000000
__Lbank30                         bank30       000000
__Lbank31                         bank31       000000
__Lbank32                         bank32       000000
__Lbank33                         bank33       000000
__Lbank34                         bank34       000000
__Lbank35                         bank35       000000
__Lbank36                         bank36       000000
__Lbank5                          bank5        000000
__Lbank6                          bank6        000000
__Lbank7                          bank7        000000
__Lbank8                          bank8        000000
__Lbank9                          bank9        000000
__Lbigbss                         bigbss       000000
__Lbigdata                        bigdata      000000
__Lbigram                         bigram       000000
__Lbigsfr                         bigsfr       000000
__Lbss                            bss          000000
__LbssBANK5                       bssBANK5     000000
__LbssBIGRAM                      bssBIGRAM    000000
__LbssCOMRAM                      bssCOMRAM    000000
__Lcinit                          cinit        000000
__Lclrtext                        clrtext      000000
__Lcomram                         comram       000000
__Lconfig                         config       000000
__Lconst                          const        000000
__LcstackCOMRAM                   cstackCOMRAM 000000
__Ldata                           data         000000
__Leeprom_data                    eeprom_data  000000
__Lfarbss                         farbss       000000
__Lfardata                        fardata      000000
__Lheap                           heap         000000
__Libigdata                       ibigdata     000000
__Lidata                          idata        000000
__Lidloc                          idloc        000000
__Lifardata                       ifardata     000000
__Linit                           init         000102
__Lintsave_regs                   intsave_regs 000000
__Lirdata                         irdata       000000
__Livt0x8                         ivt0x8       000008
__Lmediumconst                    mediumconst  00E974
__LnvFARRAM                       nvFARRAM     000000
__Lnvbit                          nvbit        000000
__Lnvrram                         nvrram       000000
__Lparam                          rparam       000000
__Lpowerup                        powerup      000000
__Lram                            ram          000000
__Lramtop                         ramtop       002600
__Lrbit                           rbit         000000
__Lrbss                           rbss         000000
__Lrdata                          rdata        000000
__Lreset_vec                      reset_vec    000000
__Lrparam                         rparam       000000
__Lsfr                            sfr          000000
__Lsmallconst                     smallconst   000000
__Lspace_0                        (abs)        000000
__Lspace_1                        (abs)        000000
__Lspace_2                        (abs)        000000
__Lspace_4                        (abs)        000000
__Lstack                          stack        000000
__Lstruct                         struct       000000
__Ltemp                           temp         000000
__Ltext                           text         000000
__Ltext0                          text0        000000
__Ltext1                          text1        000000
__Ltext10                         text10       000000
__Ltext11                         text11       000000
__Ltext12                         text12       000000
__Ltext13                         text13       000000
__Ltext14                         text14       000000
__Ltext15                         text15       000000
__Ltext16                         text16       000000
__Ltext17                         text17       000000
__Ltext18                         text18       000000
__Ltext19                         text19       000000
__Ltext2                          text2        000000
__Ltext3                          text3        000000
__Ltext4                          text4        000000
__Ltext5                          text5        000000
__Ltext6                          text6        000000
__Ltext7                          text7        000000
__Ltext8                          text8        000000
__Ltext9                          text9        000000
__S0                              (abs)        0114A6
__S1                              (abs)        001649
__S4                              (abs)        000000
__S5                              (abs)        000000
___awdiv                          text14       010EFC
___awdiv@counter                  cstackCOMRAM 000507
___awdiv@dividend                 cstackCOMRAM 000503
___awdiv@divisor                  cstackCOMRAM 000505
___awdiv@quotient                 cstackCOMRAM 000509
___awdiv@sign                     cstackCOMRAM 000508
___heap_hi                        (abs)        000000
___heap_lo                        (abs)        000000
___inthi_sp                       stack        000000
___inthi_stack_hi                 stack        000000
___inthi_stack_lo                 stack        000000
___intlo_sp                       stack        000000
___intlo_stack_hi                 stack        000000
___intlo_stack_lo                 stack        000000
___lwmod                          text13       011206
___lwmod@counter                  cstackCOMRAM 000507
___lwmod@dividend                 cstackCOMRAM 000503
___lwmod@divisor                  cstackCOMRAM 000505
___param_bank                     (abs)        000000
___rparam_used                    (abs)        000001
___sp                             stack        000000
___stack_hi                       stack        000000
___stack_lo                       stack        000000
__accesstop                       (abs)        000560
__activetblptr                    (abs)        000003
__end_of_BIG_FONTS                mediumconst  00FD9A
__end_of_I2C1_INIT                text5        011312
__end_of_I2C1_WRITESINGLEBYTE     text18       011132
__end_of_SMALL_FONTS              mediumconst  00FFD8
__end_of_SOVIET_FONTS             mediumconst  00F095
__end_of_SSD1306_I2C_Animation    text10       01039E
__end_of_SSD1306_I2C_Cadena       text6        0106FE
__end_of_SSD1306_I2C_Caracter     text8        0109D0
__end_of_SSD1306_I2C_DrawPixel    text9        010C06
__end_of_SSD1306_I2C_Init         text3        010E10
__end_of_SSD1306_I2C_SendCommand  text17       01139E
__end_of_SSD1306_I2C_SendData     text16       011488
__end_of_SSD1306_I2C_SetFont      text4        01107E
__end_of_SSD1306_I2C_Update       text15       010EFC
__end_of_TINY_FONTS               mediumconst  00F1B6
__end_of_U1RX_ISR                 text19       0112C8
__end_of_U1_INIT                  text2        0114A6
__end_of___awdiv                  text14       010FBE
__end_of___lwmod                  text13       01126A
__end_of__initialization          cinit        0113D8
__end_of_campal                   mediumconst  00FFF6
__end_of_configuro                text1        011206
__end_of_getRandom                text12       01135C
__end_of_main                     text0        01119E
__end_of_memset                   text11       011454
__end_of_strlen                   text7        01141C
__initialization                  cinit        01139E
__mediumconst                     mediumconst  00E974
__pbssBANK5                       bssBANK5     000560
__pbssBIGRAM                      bssBIGRAM    000585
__pbssCOMRAM                      bssCOMRAM    000545
__pcinit                          cinit        01139E
__pcstackCOMRAM                   cstackCOMRAM 000501
__pivt0x8                         ivt0x8       000008
__pmediumconst                    mediumconst  00E974
__ptext0                          text0        011132
__ptext1                          text1        01119E
__ptext10                         text10       010000
__ptext11                         text11       01141C
__ptext12                         text12       011312
__ptext13                         text13       011206
__ptext14                         text14       010EFC
__ptext15                         text15       010E10
__ptext16                         text16       011454
__ptext17                         text17       01135C
__ptext18                         text18       01107E
__ptext19                         text19       01126C
__ptext2                          text2        011488
__ptext3                          text3        010C06
__ptext4                          text4        010FBE
__ptext5                          text5        0112C8
__ptext6                          text6        01039E
__ptext7                          text7        0113DE
__ptext8                          text8        0106FE
__ptext9                          text9        0109D0
__ramtop                          ramtop       002600
__smallconst                      smallconst   000000
_buffer                           bssBIGRAM    001249
_campal                           mediumconst  00FFD8
_configuro                        text1        01119E
_getRandom                        text12       011312
_indice                           bssCOMRAM    000559
_main                             text0        011132
_memset                           text11       01141C
_objects                          bssCOMRAM    000545
_seed                             bssCOMRAM    00055B
_strlen                           text7        0113DE
_tramaserial                      bssBIGRAM    000585
end_of_initialization             cinit        0113D8
getRandom@limit                   cstackCOMRAM 00050E
getRandom@num                     cstackCOMRAM 00050C
intlevel0                         text         000000
intlevel1                         text         000000
intlevel2                         text         000000
intlevel3                         text         000000
isa$std                           (abs)        000001
isa$xinst                         (abs)        000000
ivt0x8_base                       ivt0x8       000008
ivt0x8_undefint                   ivt0x8       000100
memset@c                          cstackCOMRAM 00050D
memset@dest                       cstackCOMRAM 00050B
memset@n                          cstackCOMRAM 00050F
memset@p                          cstackCOMRAM 000511
stackhi                           (abs)        000000
stacklo                           (abs)        000000
start                             init         000102
start_initialization              cinit        01139E
strlen@a                          cstackCOMRAM 000505
strlen@s                          cstackCOMRAM 000503


MODULE INFORMATION

Module		Function		Class		Link	Load	Size
testAnimacion.c
		_configuro     		CODE           	1119E	0000	104
		_main          		CODE           	11132	0000	108
		_U1RX_ISR      		CODE           	1126C	0000	92

testAnimacion.c estimated size: 304

C:\Program Files\Microchip\xc8\v2.50\pic\sources\c99\common\lwmod.c
		___lwmod       		CODE           	11206	0000	100

C:\Program Files\Microchip\xc8\v2.50\pic\sources\c99\common\lwmod.c estimated size: 100

SSD1306.c
		_SSD1306_I2C_DrawPixel		CODE           	109D0	0000	566
		_SSD1306_I2C_Caracter		CODE           	106FE	0000	722
		_SSD1306_I2C_Init		CODE           	10C06	0000	522
		_SSD1306_I2C_SendData		CODE           	11454	0000	52
		_SSD1306_I2C_Cadena		CODE           	1039E	0000	864
		_getRandom     		CODE           	11312	0000	74
		_SSD1306_I2C_Update		CODE           	10E10	0000	236
		_SSD1306_I2C_SetFont		CODE           	10FBE	0000	192
		_SSD1306_I2C_SendCommand		CODE           	1135C	0000	66
		_SSD1306_I2C_Animation		CODE           	10000	0000	926

SSD1306.c estimated size: 4220

C:\Program Files\Microchip\xc8\v2.50\pic\sources\c99\common\strlen.c
		_strlen        		CODE           	113DE	0000	62

C:\Program Files\Microchip\xc8\v2.50\pic\sources\c99\common\strlen.c estimated size: 62

LIB_UART.c
		_U1_INIT       		CODE           	11488	0000	30

LIB_UART.c estimated size: 30

C:\Program Files\Microchip\xc8\v2.50\pic\sources\c99\common\memset.c
		_memset        		CODE           	1141C	0000	56

C:\Program Files\Microchip\xc8\v2.50\pic\sources\c99\common\memset.c estimated size: 56

shared
		_TINY_FONTS    		MEDIUMCONST    	F095	0000	289
		_campal        		MEDIUMCONST    	FFD8	0000	30
		_BIG_FONTS     		MEDIUMCONST    	F1B6	0000	3044
		__initialization		CODE           	1139E	0000	58
		_SOVIET_FONTS  		MEDIUMCONST    	E975	0000	1824
		_SMALL_FONTS   		MEDIUMCONST    	FD9A	0000	574

shared estimated size: 5819

I2C_LCD.c
		_I2C1_INIT     		CODE           	112C8	0000	74
		_I2C1_WRITESINGLEBYTE		CODE           	1107E	0000	180

I2C_LCD.c estimated size: 254

C:\Program Files\Microchip\xc8\v2.50\pic\sources\c99\common\awdiv.c
		___awdiv       		CODE           	10EFC	0000	194

C:\Program Files\Microchip\xc8\v2.50\pic\sources\c99\common\awdiv.c estimated size: 194

