Microchip MPLAB XC8 Compiler V2.50

Linker command line:

-W-3 \
  --edf=C:\Program Files\Microchip\xc8\v2.50\pic\dat\20240725155939_en.msgs \
  -pivt0x8=08h -cn -h+dist/default/debug\GUSWATCH.X.debug.sym \
  --cmf=dist/default/debug\GUSWATCH.X.debug.cmf -z -Q18F57Q43 \
  -oC:\Users\Joseph\AppData\Local\Temp\xcAss84.\driver_tmp_3.o \
  --defsym=__MPLAB_BUILD=1 --fixupoverflow=error \
  -Mdist/default/debug/GUSWATCH.X.debug.map \
  --md=C:\Users\Joseph\AppData\Local\Temp\xcAss84.\driver_tmp_0.dat -E1 \
  -ver=XC8 Compiler --acfsm=1493 -ACODE=00h-01FFFFh -ACONST=00h-01FFFFh \
  -ASMALLCONST=02600h-026FFhx474 \
  -AMEDIUMCONST=02600h-0FFFFh,012600h-01FFFFh -ACOMRAM=0501h-055Fh \
  -AABS1=0500h-024FFh -ABIGRAM=0501h-024FFh \
  -ARAM=0560h-05FFh,0600h-06FFhx31 -ABANK5=0560h-05FFh -ABANK6=0600h-06FFh \
  -ABANK7=0700h-07FFh -ABANK8=0800h-08FFh -ABANK9=0900h-09FFh \
  -ABANK10=0A00h-0AFFh -ABANK11=0B00h-0BFFh -ABANK12=0C00h-0CFFh \
  -ABANK13=0D00h-0DFFh -ABANK14=0E00h-0EFFh -ABANK15=0F00h-0FFFh \
  -ABANK16=01000h-010FFh -ABANK17=01100h-011FFh -ABANK18=01200h-012FFh \
  -ABANK19=01300h-013FFh -ABANK20=01400h-014FFh -ABANK21=01500h-015FFh \
  -ABANK22=01600h-016FFh -ABANK23=01700h-017FFh -ABANK24=01800h-018FFh \
  -ABANK25=01900h-019FFh -ABANK26=01A00h-01AFFh -ABANK27=01B00h-01BFFh \
  -ABANK28=01C00h-01CFFh -ABANK29=01D00h-01DFFh -ABANK30=01E00h-01EFFh \
  -ABANK31=01F00h-01FFFh -ABANK32=02000h-020FFh -ABANK33=02100h-021FFh \
  -ABANK34=02200h-022FFh -ABANK35=02300h-023FFh -ABANK36=02400h-024FFh \
  -ASFR=00h-0FFhx4,0400h-045Fh,0460h-04FFh,02500h-025FFh \
  -ABIGSFR=00h-04FFh,02500h-025FFh -ACONFIG=0300000h-0300011h \
  -AIDLOC=0200000h-020003Fh -AEEDATA=0380000h-03803FFh -peeprom_data=EEDATA \
  -preset_vec=00h -ppowerup=CODE,init -pramtop=02600h \
  -psmallconst=SMALLCONST -pmediumconst=MEDIUMCONST -pconst=CONST \
  -AFARRAM=00h-00h \
  -prdata=COMRAM,nvrram=COMRAM,nvbit=COMRAM,rbss=COMRAM,rbit=COMRAM \
  -pfarbss=FARRAM,fardata=FARRAM,nvFARRAM=FARRAM \
  -pintsave_regs=BIGRAM,bigbss=BIGRAM,bigdata=BIGRAM -pbss=RAM \
  -pidata=CODE,irdata=CODE,ibigdata=CODE,ifardata=CODE -prparam=COMRAM \
  C:\Users\Joseph\AppData\Local\Temp\xcAss84.\driver_tmp_14.o \
  dist/default/debug\GUSWATCH.X.debug.o 

Object code version is 3.11

Machine type is 18F57Q43



                Name                               Link     Load   Length Selector   Space Scale
C:\Users\Joseph\AppData\Local\Temp\xcAss84.\driver_tmp_14.o
                config                           300000   300000        A        0       4
                init                                102      102        4        4       0
                reset_vec                             0        0        4        0       0
dist/default/debug\GUSWATCH.X.debug.o
                config                           300000   300000        A        0       4
                mediumconst                        E860     E860     17A0     7430       0
                ivt0x8                                8        8       FA        4       0
                text55                            14D68    14D68       5E     5325       0
                text54                            15264    15264        2     5499       0
                text53                            14C94    14C94       6E     5325       0
                text52                            147BE    147BE       C2     8000       0
                text51                            134A6    134A6      1FE     8000       0
                text50                            1500A    1500A       4A     5325       0
                text49                            14880    14880       C0     8000       0
                text48                            14940    14940       B4     8000       0
                text47                            150DE    150DE       42     5325       0
                text46                            15200    15200       34     5325       0
                text45                            14468    14468       EC     8000       0
                text44                            1329C    1329C      20A     8000       0
                text43                            15234    15234       1E     5325       0
                text42                            14B4C    14B4C       A4     8000       0
                text41                            12E54    12E54      236     8000       0
                text40                            1293E    1293E      2D2     8000       0
                text39                            14FBA    14FBA       50     5325       0
                text38                            11E60    11E60      3D0     8000       0
                text37                            15194    15194       38     5325       0
                text36                            14EC8    14EC8       52     5325       0
                text35                            1525C    1525C        4     A92C       0
                text34                            15258    15258        4     A92C       0
                text33                            149F4    149F4       AE     8000       0
                text32                            151CC    151CC       34     5325       0
                text31                            15260    15260        2     A92C       0
                text30                            146F4    146F4       CA     8000       0
                text29                            1509A    1509A       44     5325       0
                text28                            14BF0    14BF0       A2     8000       0
                text27                            13C78    13C78      1B6     8000       0
                text26                            12230    12230      390     8000       0
                text25                            14AA2    14AA2       AA     8000       0
                text24                            14266    14266      104     8000       0
                text23                            11A3A    11A3A      426     8000       0
                text22                            1515C    1515C       38     5325       0
                text21                            11584    11584      4B6     8000       0
                text20                            15054    15054       46     5325       0
                text19                            14160    14160      106     8000       0
                text18                            1436A    1436A       FE     8000       0
                text17                            1308A    1308A      212     8000       0
                text16                            14E1E    14E1E       56     5325       0
                text15                            14F6A    14F6A       50     5325       0
                text14                            15120    15120       3C     5325       0
                text13                            10B26    10B26      A5E     8000       0
                text12                            14628    14628       CC     8000       0
                text11                            125C0    125C0      37E     8000       0
                text10                            14E74    14E74       54     5325       0
                text9                             14F1A    14F1A       50     5325       0
                text8                             13A8E    13A8E      1EA     8000       0
                text7                             10000    10000      B26     8000       0
                text6                             136A4    136A4      1FC     8000       0
                text5                             14DC6    14DC6       58     5325       0
                text4                             14554    14554       D4     8000       0
                text3                             13E2E    13E2E      1B4     8000       0
                text2                             138A0    138A0      1EE     8000       0
                text1                             12C10    12C10      244     8000       0
                text0                             13FE2    13FE2      17E     8000       0
                cstackCOMRAM                        501      501       5A      501       1
                cstackBANK5                         560      560       73      560       1
                bssBIGRAM                           675      675     1160      675       1
                bssBANK6                            600      600       75      600       1
                dataBANK5                           5E8      5E8        5      560       1
                bssBANK5                            5D3      5D3       15      560       1
                bssCOMRAM                           55B      55B        3      501       1
                cinit                             14D02    14D02       66     5325       0
                idataBANK5                        15252    15252        5     5325       0

TOTAL           Name                               Link     Load   Length     Space
        CLASS   CODE           
                init                                102      102        4         0
                reset_vec                             0        0        4         0
                ivt0x8                                8        8       FA         0
                text55                            14D68    14D68       5E         0
                text54                            15264    15264        2         0
                text53                            14C94    14C94       6E         0
                text52                            147BE    147BE       C2         0
                text51                            134A6    134A6      1FE         0
                text50                            1500A    1500A       4A         0
                text49                            14880    14880       C0         0
                text48                            14940    14940       B4         0
                text47                            150DE    150DE       42         0
                text46                            15200    15200       34         0
                text45                            14468    14468       EC         0
                text44                            1329C    1329C      20A         0
                text43                            15234    15234       1E         0
                text42                            14B4C    14B4C       A4         0
                text41                            12E54    12E54      236         0
                text40                            1293E    1293E      2D2         0
                text39                            14FBA    14FBA       50         0
                text38                            11E60    11E60      3D0         0
                text37                            15194    15194       38         0
                text36                            14EC8    14EC8       52         0
                text35                            1525C    1525C        4         0
                text34                            15258    15258        4         0
                text33                            149F4    149F4       AE         0
                text32                            151CC    151CC       34         0
                text31                            15260    15260        2         0
                text30                            146F4    146F4       CA         0
                text29                            1509A    1509A       44         0
                text28                            14BF0    14BF0       A2         0
                text27                            13C78    13C78      1B6         0
                text26                            12230    12230      390         0
                text25                            14AA2    14AA2       AA         0
                text24                            14266    14266      104         0
                text23                            11A3A    11A3A      426         0
                text22                            1515C    1515C       38         0
                text21                            11584    11584      4B6         0
                text20                            15054    15054       46         0
                text19                            14160    14160      106         0
                text18                            1436A    1436A       FE         0
                text17                            1308A    1308A      212         0
                text16                            14E1E    14E1E       56         0
                text15                            14F6A    14F6A       50         0
                text14                            15120    15120       3C         0
                text13                            10B26    10B26      A5E         0
                text12                            14628    14628       CC         0
                text11                            125C0    125C0      37E         0
                text10                            14E74    14E74       54         0
                text9                             14F1A    14F1A       50         0
                text8                             13A8E    13A8E      1EA         0
                text7                             10000    10000      B26         0
                text6                             136A4    136A4      1FC         0
                text5                             14DC6    14DC6       58         0
                text4                             14554    14554       D4         0
                text3                             13E2E    13E2E      1B4         0
                text2                             138A0    138A0      1EE         0
                text1                             12C10    12C10      244         0
                text0                             13FE2    13FE2      17E         0
                cinit                             14D02    14D02       66         0
                idataBANK5                        15252    15252        5         0

        CLASS   CONST          

        CLASS   SMALLCONST     

        CLASS   MEDIUMCONST    
                mediumconst                        E860     E860     17A0         0

        CLASS   COMRAM         
                cstackCOMRAM                        501      501       5A         1
                bssCOMRAM                           55B      55B        3         1

        CLASS   ABS1           

        CLASS   BIGRAM         
                bssBIGRAM                           675      675     1160         1

        CLASS   RAM            

        CLASS   BANK5          
                cstackBANK5                         560      560       73         1
                dataBANK5                           5E8      5E8        5         1
                bssBANK5                            5D3      5D3       15         1

        CLASS   BANK6          
                bssBANK6                            600      600       75         1

        CLASS   BANK7          

        CLASS   BANK8          

        CLASS   BANK9          

        CLASS   BANK10         

        CLASS   BANK11         

        CLASS   BANK12         

        CLASS   BANK13         

        CLASS   BANK14         

        CLASS   BANK15         

        CLASS   BANK16         

        CLASS   BANK17         

        CLASS   BANK18         

        CLASS   BANK19         

        CLASS   BANK20         

        CLASS   BANK21         

        CLASS   BANK22         

        CLASS   BANK23         

        CLASS   BANK24         

        CLASS   BANK25         

        CLASS   BANK26         

        CLASS   BANK27         

        CLASS   BANK28         

        CLASS   BANK29         

        CLASS   BANK30         

        CLASS   BANK31         

        CLASS   BANK32         

        CLASS   BANK33         

        CLASS   BANK34         

        CLASS   BANK35         

        CLASS   BANK36         

        CLASS   SFR            

        CLASS   BIGSFR         

        CLASS   CONFIG         
                config                           300000   300000        A         4

        CLASS   IDLOC          

        CLASS   EEDATA         

        CLASS   FARRAM         

        CLASS   HEAP           

        CLASS   STACK          



SEGMENTS        Name                           Load    Length   Top    Selector   Space  Class

                reset_vec                      000000  000004  000004         0       0  CODE    
                ivt0x8                         000008  0000FE  000106         4       0  CODE    
                cstackCOMRAM                   000501  00005D  00055E       501       1  COMRAM  
                cstackBANK5                    000560  00008D  0005ED       560       1  BANK5   
                bssBANK6                       000600  000075  000675       600       1  BANK6   
                bssBIGRAM                      000675  001160  0017D5       675       1  BIGRAM  
                mediumconst                    00E860  0017A0  010000      7430       0  MEDIUMCO
                text7                          010000  004C92  014C92      8000       0  CODE    
                text53                         014C94  0005C3  015257      5325       0  CODE    
                text34                         015258  00000A  015262      A92C       0  CODE    
                text54                         015264  000002  015266      5499       0  CODE    


UNUSED ADDRESS RANGES

        Name                Unused          Largest block    Delta
        BANK23           0017D5-0017FF               2B
        BANK24           001800-0018FF              100
        BANK25           001900-0019FF              100
        BANK26           001A00-001AFF              100
        BANK27           001B00-001BFF              100
        BANK28           001C00-001CFF              100
        BANK29           001D00-001DFF              100
        BANK30           001E00-001EFF              100
        BANK31           001F00-001FFF              100
        BANK32           002000-0020FF              100
        BANK33           002100-0021FF              100
        BANK34           002200-0022FF              100
        BANK35           002300-0023FF              100
        BANK36           002400-0024FF              100
        BANK5            0005ED-0005FF               13
        BIGRAM           00055E-00055F                2
                         0005ED-0005FF               13
                         0017D5-0024FF              D2B
        BIGSFR           000000-0004FF              500
                         002500-0025FF              100
        CODE             000004-000007                4
                         000106-00E85F             E75A
                         014C92-014C93                2
                         015257-015257                1
                         015262-015263                2
                         015266-01FFFF             AD9A
        COMRAM           00055E-00055F                2
        CONFIG           30000A-300011                8
        CONST            000004-000007                4
                         000106-00E85F             E75A
                         014C92-014C93                2
                         015257-015257                1
                         015262-015263                2
                         015266-01FFFF             AD9A
        EEDATA           380000-3803FF              400
        IDLOC            200000-20003F               40
        MEDIUMCONST      002600-00E85F             C260
                         014C92-014C93                2
                         015257-015257                1
                         015262-015263                2
                         015266-01FFFF             AD9A
        RAM              0005ED-0005FF               13
                         0017D5-0024FF              100
        SFR              000000-0004FF              100
                         002500-0025FF              100
        SMALLCONST       002600-00E85F              100
                         014C92-014C93                2
                         015257-015257                1
                         015262-015263                2
                         015266-01FFFF              100

                                  Symbol Table

?___awdiv                         cstackCOMRAM 000503
?___awmod                         cstackCOMRAM 000503
?___fladd                         cstackCOMRAM 00052A
?___fldiv                         cstackCOMRAM 000503
?___flmul                         cstackCOMRAM 000511
?___flneg                         cstackCOMRAM 000503
?___flsub                         cstackCOMRAM 00053A
?___fltol                         cstackCOMRAM 000503
?___fpclassifyf                   cstackCOMRAM 000503
?___xxtofl                        cstackCOMRAM 000503
?_abs                             cstackCOMRAM 000509
?_conversor_humedad               cstackCOMRAM 000503
?_conversor_milibar               cstackCOMRAM 000503
?_conversor_temperatura           cstackCOMRAM 00053A
?_floorf                          cstackCOMRAM 00051C
?_labs                            cstackCOMRAM 000503
?_read_prec_or_width              cstackCOMRAM 000503
?_sprintf                         cstackBANK5  000594
?_strlen                          cstackCOMRAM 000503
?_vfprintf                        cstackBANK5  00058C
I2C1_WRITESINGLEBYTE@buffer       cstackCOMRAM 000507
I2C1_WRITESINGLEBYTE@dato         cstackCOMRAM 000503
I2C1_WRITESINGLEBYTE@direccion    cstackCOMRAM 000506
I2C1_WRITESINGLEBYTE@len          cstackCOMRAM 000505
IVTBASEH                          (abs)        00045E
IVTBASEL                          (abs)        00045D
IVTBASEU                          (abs)        00045F
SSD1306_I2C_Cadena@SSD1306        cstackCOMRAM 000534
SSD1306_I2C_Cadena@length         cstackCOMRAM 000542
SSD1306_I2C_Cadena@start_x        cstackCOMRAM 000543
SSD1306_I2C_Cadena@text           cstackCOMRAM 00053A
SSD1306_I2C_Cadena@x              cstackCOMRAM 000536
SSD1306_I2C_Cadena@y              cstackCOMRAM 000538
SSD1306_I2C_Caracter@SSD1306      cstackCOMRAM 00051A
SSD1306_I2C_Caracter@b            cstackCOMRAM 000533
SSD1306_I2C_Caracter@cnt          cstackCOMRAM 000531
SSD1306_I2C_Caracter@font_idx     cstackCOMRAM 00052B
SSD1306_I2C_Caracter@rowcnt       cstackCOMRAM 00052F
SSD1306_I2C_Caracter@temp         cstackCOMRAM 00052D
SSD1306_I2C_Caracter@value        cstackCOMRAM 000520
SSD1306_I2C_Caracter@x            cstackCOMRAM 00051C
SSD1306_I2C_Caracter@y            cstackCOMRAM 00051E
SSD1306_I2C_ClearDisplay@SSD1306  cstackCOMRAM 000513
SSD1306_I2C_DrawPixel@SSD1306     cstackCOMRAM 00050B
SSD1306_I2C_DrawPixel@x           cstackCOMRAM 00050D
SSD1306_I2C_DrawPixel@y           cstackCOMRAM 00050F
SSD1306_I2C_Imagen@SSD1306        cstackCOMRAM 00050B
SSD1306_I2C_Imagen@buffer_pos     cstackCOMRAM 00051B
SSD1306_I2C_Imagen@col            cstackCOMRAM 00051E
SSD1306_I2C_Imagen@height         cstackCOMRAM 000512
SSD1306_I2C_Imagen@image          cstackCOMRAM 00050D
SSD1306_I2C_Imagen@page           cstackCOMRAM 00051D
SSD1306_I2C_Imagen@pages          cstackCOMRAM 000519
SSD1306_I2C_Imagen@start_page     cstackCOMRAM 00051A
SSD1306_I2C_Imagen@width          cstackCOMRAM 000511
SSD1306_I2C_Imagen@x              cstackCOMRAM 00050F
SSD1306_I2C_Imagen@y              cstackCOMRAM 000510
SSD1306_I2C_Init@SSD1306          cstackCOMRAM 000514
SSD1306_I2C_SendCommand@SSD1306   cstackCOMRAM 000508
SSD1306_I2C_SendCommand@command   cstackCOMRAM 00050A
SSD1306_I2C_SendData@SSD1306      cstackCOMRAM 000508
SSD1306_I2C_SetFont@SSD1306       cstackCOMRAM 000503
SSD1306_I2C_SetFont@font          cstackCOMRAM 000505
SSD1306_I2C_Update@SSD1306        cstackCOMRAM 00050B
SSD1306_I2C_Update@i              cstackCOMRAM 000511
SSD1306_I2C_Update@x              cstackCOMRAM 000513
U1_INIT@velocidad                 cstackCOMRAM 000503
_ANSELBbits                       (abs)        000408
_ANSELCbits                       (abs)        000410
_ANSELEbits                       (abs)        000420
_ANSELFbits                       (abs)        000428
_BIG_FONTS                        mediumconst  00E982
_CCP1CON                          (abs)        000342
_CCP1_ISR                         text53       014C94
_CCPR1H                           (abs)        000341
_CCPR1L                           (abs)        000340
_I2C1ADB1                         (abs)        00028F
_I2C1CLKbits                      (abs)        00029C
_I2C1CNT                          (abs)        00028D
_I2C1CON0bits                     (abs)        000294
_I2C1CON1bits                     (abs)        000295
_I2C1CON2bits                     (abs)        000296
_I2C1PIRbits                      (abs)        00029A
_I2C1STAT0bits                    (abs)        000298
_I2C1STAT1bits                    (abs)        000299
_I2C1TXB                          (abs)        00028C
_I2C1_INIT                        text50       01500A
_I2C1_WRITESINGLEBYTE             text48       014940
_INTCON0bits                      (abs)        0004D6
_LATBbits                         (abs)        0004BF
_ODCONCbits                       (abs)        000412
_OSCCON1                          (abs)        0000AD
_OSCEN                            (abs)        0000B3
_OSCFRQ                           (abs)        0000B1
_PIE3bits                         (abs)        0004A1
_PIE4bits                         (abs)        0004A2
_PIR3bits                         (abs)        0004B1
_PIR4bits                         (abs)        0004B2
_PORTBbits                        (abs)        0004CF
_PORTEbits                        (abs)        0004D2
_RC3I2Cbits                       (abs)        000287
_RC3PPS                           (abs)        000214
_RC4I2Cbits                       (abs)        000286
_RC4PPS                           (abs)        000215
_RF0PPS                           (abs)        000229
_SMALL_FONTS                      mediumconst  00FC86
_SOVIET_FONTS                     mediumconst  00F566
_SSD1306                          bssBANK6     000650
_SSD1306_I2C_Cadena               text38       011E60
_SSD1306_I2C_Caracter             text40       01293E
_SSD1306_I2C_ClearDisplay         text36       014EC8
_SSD1306_I2C_DrawPixel            text41       012E54
_SSD1306_I2C_Imagen               text51       0134A6
_SSD1306_I2C_Init                 text44       01329C
_SSD1306_I2C_SendCommand          text47       0150DE
_SSD1306_I2C_SendData             text46       015200
_SSD1306_I2C_SetFont              text49       014880
_SSD1306_I2C_Update               text45       014468
_T1CLK                            (abs)        000321
_T1CON                            (abs)        00031E
_TINY_FONTS                       mediumconst  00E861
_TRISBbits                        (abs)        0004C7
_TRISCbits                        (abs)        0004C8
_TRISEbits                        (abs)        0004CA
_TRISFbits                        (abs)        0004CB
_U1BRGH                           (abs)        0002AF
_U1BRGL                           (abs)        0002AE
_U1CON0                           (abs)        0002AB
_U1CON1                           (abs)        0002AC
_U1CON2                           (abs)        0002AD
_U1ERRIRbits                      (abs)        0002B2
_U1RXB                            (abs)        0002A1
_U1RXPPS                          (abs)        000272
_U1RX_ISR                         text55       014D68
_U1TXB                            (abs)        0002A3
_U1_INIT                          text43       015234
_WPUBbits                         (abs)        000409
_WPUEbits                         (abs)        000421
__HRAM                            (abs)        000000
__H__absolute__                   __absolute__ 000000
__Habs1                           abs1         000000
__Hbank10                         bank10       000000
__Hbank11                         bank11       000000
__Hbank12                         bank12       000000
__Hbank13                         bank13       000000
__Hbank14                         bank14       000000
__Hbank15                         bank15       000000
__Hbank16                         bank16       000000
__Hbank17                         bank17       000000
__Hbank18                         bank18       000000
__Hbank19                         bank19       000000
__Hbank20                         bank20       000000
__Hbank21                         bank21       000000
__Hbank22                         bank22       000000
__Hbank23                         bank23       000000
__Hbank24                         bank24       000000
__Hbank25                         bank25       000000
__Hbank26                         bank26       000000
__Hbank27                         bank27       000000
__Hbank28                         bank28       000000
__Hbank29                         bank29       000000
__Hbank30                         bank30       000000
__Hbank31                         bank31       000000
__Hbank32                         bank32       000000
__Hbank33                         bank33       000000
__Hbank34                         bank34       000000
__Hbank35                         bank35       000000
__Hbank36                         bank36       000000
__Hbank5                          bank5        000000
__Hbank6                          bank6        000000
__Hbank7                          bank7        000000
__Hbank8                          bank8        000000
__Hbank9                          bank9        000000
__Hbigbss                         bigbss       000000
__Hbigdata                        bigdata      000000
__Hbigram                         bigram       000000
__Hbigsfr                         bigsfr       000000
__Hbss                            bss          000000
__HbssBANK5                       bssBANK5     000000
__HbssBANK6                       bssBANK6     000000
__HbssBIGRAM                      bssBIGRAM    000000
__HbssCOMRAM                      bssCOMRAM    000000
__Hcinit                          cinit        000000
__Hclrtext                        clrtext      000000
__Hcomram                         comram       000000
__Hconfig                         config       30000A
__Hconst                          const        000000
__HcstackBANK5                    cstackBANK5  000000
__HcstackCOMRAM                   cstackCOMRAM 000000
__Hdata                           data         000000
__HdataBANK5                      dataBANK5    000000
__Heeprom_data                    eeprom_data  000000
__Hfarbss                         farbss       000000
__Hfardata                        fardata      000000
__Hheap                           heap         000000
__Hibigdata                       ibigdata     000000
__Hidata                          idata        000000
__HidataBANK5                     idataBANK5   000000
__Hidloc                          idloc        000000
__Hifardata                       ifardata     000000
__Hinit                           init         000106
__Hintsave_regs                   intsave_regs 000000
__Hirdata                         irdata       000000
__Hivt0x8                         ivt0x8       000102
__Hmediumconst                    mediumconst  010000
__HnvFARRAM                       nvFARRAM     000000
__Hnvbit                          nvbit        000000
__Hnvrram                         nvrram       000000
__Hparam                          rparam       000000
__Hpowerup                        powerup      000000
__Hram                            ram          000000
__Hramtop                         ramtop       002600
__Hrbit                           rbit         000000
__Hrbss                           rbss         000000
__Hrdata                          rdata        000000
__Hreset_vec                      reset_vec    000004
__Hrparam                         rparam       000000
__Hsfr                            sfr          000000
__Hsmallconst                     smallconst   000000
__Hspace_0                        (abs)        015266
__Hspace_1                        (abs)        0017D5
__Hspace_2                        (abs)        000000
__Hspace_4                        (abs)        60000A
__Hstack                          stack        000000
__Hstruct                         struct       000000
__Htemp                           temp         000000
__Htext                           text         000000
__Htext0                          text0        000000
__Htext1                          text1        000000
__Htext10                         text10       000000
__Htext11                         text11       000000
__Htext12                         text12       000000
__Htext13                         text13       000000
__Htext14                         text14       000000
__Htext15                         text15       000000
__Htext16                         text16       000000
__Htext17                         text17       000000
__Htext18                         text18       000000
__Htext19                         text19       000000
__Htext2                          text2        000000
__Htext20                         text20       000000
__Htext21                         text21       000000
__Htext22                         text22       000000
__Htext23                         text23       000000
__Htext24                         text24       000000
__Htext25                         text25       000000
__Htext26                         text26       000000
__Htext27                         text27       000000
__Htext28                         text28       000000
__Htext29                         text29       000000
__Htext3                          text3        000000
__Htext30                         text30       000000
__Htext31                         text31       000000
__Htext32                         text32       000000
__Htext33                         text33       000000
__Htext34                         text34       000000
__Htext35                         text35       000000
__Htext36                         text36       000000
__Htext37                         text37       000000
__Htext38                         text38       000000
__Htext39                         text39       000000
__Htext4                          text4        000000
__Htext40                         text40       000000
__Htext41                         text41       000000
__Htext42                         text42       000000
__Htext43                         text43       000000
__Htext44                         text44       000000
__Htext45                         text45       000000
__Htext46                         text46       000000
__Htext47                         text47       000000
__Htext48                         text48       000000
__Htext49                         text49       000000
__Htext5                          text5        000000
__Htext50                         text50       000000
__Htext51                         text51       000000
__Htext52                         text52       000000
__Htext53                         text53       000000
__Htext54                         text54       000000
__Htext55                         text55       000000
__Htext6                          text6        000000
__Htext7                          text7        000000
__Htext8                          text8        000000
__Htext9                          text9        000000
__LRAM                            (abs)        000001
__L__absolute__                   __absolute__ 000000
__Labs1                           abs1         000000
__Lbank10                         bank10       000000
__Lbank11                         bank11       000000
__Lbank12                         bank12       000000
__Lbank13                         bank13       000000
__Lbank14                         bank14       000000
__Lbank15                         bank15       000000
__Lbank16                         bank16       000000
__Lbank17                         bank17       000000
__Lbank18                         bank18       000000
__Lbank19                         bank19       000000
__Lbank20                         bank20       000000
__Lbank21                         bank21       000000
__Lbank22                         bank22       000000
__Lbank23                         bank23       000000
__Lbank24                         bank24       000000
__Lbank25                         bank25       000000
__Lbank26                         bank26       000000
__Lbank27                         bank27       000000
__Lbank28                         bank28       000000
__Lbank29                         bank29       000000
__Lbank30                         bank30       000000
__Lbank31                         bank31       000000
__Lbank32                         bank32       000000
__Lbank33                         bank33       000000
__Lbank34                         bank34       000000
__Lbank35                         bank35       000000
__Lbank36                         bank36       000000
__Lbank5                          bank5        000000
__Lbank6                          bank6        000000
__Lbank7                          bank7        000000
__Lbank8                          bank8        000000
__Lbank9                          bank9        000000
__Lbigbss                         bigbss       000000
__Lbigdata                        bigdata      000000
__Lbigram                         bigram       000000
__Lbigsfr                         bigsfr       000000
__Lbss                            bss          000000
__LbssBANK5                       bssBANK5     000000
__LbssBANK6                       bssBANK6     000000
__LbssBIGRAM                      bssBIGRAM    000000
__LbssCOMRAM                      bssCOMRAM    000000
__Lcinit                          cinit        000000
__Lclrtext                        clrtext      000000
__Lcomram                         comram       000000
__Lconfig                         config       000000
__Lconst                          const        000000
__LcstackBANK5                    cstackBANK5  000000
__LcstackCOMRAM                   cstackCOMRAM 000000
__Ldata                           data         000000
__LdataBANK5                      dataBANK5    000000
__Leeprom_data                    eeprom_data  000000
__Lfarbss                         farbss       000000
__Lfardata                        fardata      000000
__Lheap                           heap         000000
__Libigdata                       ibigdata     000000
__Lidata                          idata        000000
__LidataBANK5                     idataBANK5   000000
__Lidloc                          idloc        000000
__Lifardata                       ifardata     000000
__Linit                           init         000102
__Lintsave_regs                   intsave_regs 000000
__Lirdata                         irdata       000000
__Livt0x8                         ivt0x8       000008
__Lmediumconst                    mediumconst  00E860
__LnvFARRAM                       nvFARRAM     000000
__Lnvbit                          nvbit        000000
__Lnvrram                         nvrram       000000
__Lparam                          rparam       000000
__Lpowerup                        powerup      000000
__Lram                            ram          000000
__Lramtop                         ramtop       002600
__Lrbit                           rbit         000000
__Lrbss                           rbss         000000
__Lrdata                          rdata        000000
__Lreset_vec                      reset_vec    000000
__Lrparam                         rparam       000000
__Lsfr                            sfr          000000
__Lsmallconst                     smallconst   000000
__Lspace_0                        (abs)        000000
__Lspace_1                        (abs)        000000
__Lspace_2                        (abs)        000000
__Lspace_4                        (abs)        000000
__Lstack                          stack        000000
__Lstruct                         struct       000000
__Ltemp                           temp         000000
__Ltext                           text         000000
__Ltext0                          text0        000000
__Ltext1                          text1        000000
__Ltext10                         text10       000000
__Ltext11                         text11       000000
__Ltext12                         text12       000000
__Ltext13                         text13       000000
__Ltext14                         text14       000000
__Ltext15                         text15       000000
__Ltext16                         text16       000000
__Ltext17                         text17       000000
__Ltext18                         text18       000000
__Ltext19                         text19       000000
__Ltext2                          text2        000000
__Ltext20                         text20       000000
__Ltext21                         text21       000000
__Ltext22                         text22       000000
__Ltext23                         text23       000000
__Ltext24                         text24       000000
__Ltext25                         text25       000000
__Ltext26                         text26       000000
__Ltext27                         text27       000000
__Ltext28                         text28       000000
__Ltext29                         text29       000000
__Ltext3                          text3        000000
__Ltext30                         text30       000000
__Ltext31                         text31       000000
__Ltext32                         text32       000000
__Ltext33                         text33       000000
__Ltext34                         text34       000000
__Ltext35                         text35       000000
__Ltext36                         text36       000000
__Ltext37                         text37       000000
__Ltext38                         text38       000000
__Ltext39                         text39       000000
__Ltext4                          text4        000000
__Ltext40                         text40       000000
__Ltext41                         text41       000000
__Ltext42                         text42       000000
__Ltext43                         text43       000000
__Ltext44                         text44       000000
__Ltext45                         text45       000000
__Ltext46                         text46       000000
__Ltext47                         text47       000000
__Ltext48                         text48       000000
__Ltext49                         text49       000000
__Ltext5                          text5        000000
__Ltext50                         text50       000000
__Ltext51                         text51       000000
__Ltext52                         text52       000000
__Ltext53                         text53       000000
__Ltext54                         text54       000000
__Ltext55                         text55       000000
__Ltext6                          text6        000000
__Ltext7                          text7        000000
__Ltext8                          text8        000000
__Ltext9                          text9        000000
__S0                              (abs)        015266
__S1                              (abs)        0017D5
__S4                              (abs)        000000
__S5                              (abs)        000000
___awdiv                          text52       0147BE
___awdiv@counter                  cstackCOMRAM 000507
___awdiv@dividend                 cstackCOMRAM 000503
___awdiv@divisor                  cstackCOMRAM 000505
___awdiv@quotient                 cstackCOMRAM 000509
___awdiv@sign                     cstackCOMRAM 000508
___awmod                          text33       0149F4
___awmod@counter                  cstackCOMRAM 000507
___awmod@dividend                 cstackCOMRAM 000503
___awmod@divisor                  cstackCOMRAM 000505
___awmod@sign                     cstackCOMRAM 000508
___fladd                          text21       011584
___fladd@a                        cstackCOMRAM 00052E
___fladd@aexp                     cstackCOMRAM 000537
___fladd@b                        cstackCOMRAM 00052A
___fladd@bexp                     cstackCOMRAM 000538
___fladd@grs                      cstackCOMRAM 000539
___fladd@signs                    cstackCOMRAM 000536
___fldiv                          text26       012230
___fldiv@a                        cstackCOMRAM 000507
___fldiv@aexp                     cstackCOMRAM 00051B
___fldiv@b                        cstackCOMRAM 000503
___fldiv@bexp                     cstackCOMRAM 00051A
___fldiv@grs                      cstackCOMRAM 000516
___fldiv@new_exp                  cstackCOMRAM 000514
___fldiv@rem                      cstackCOMRAM 00050F
___fldiv@sign                     cstackCOMRAM 000513
___fleq                           text25       014AA2
___fleq@ff1                       cstackCOMRAM 000503
___fleq@ff2                       cstackCOMRAM 000507
___flge                           text24       014266
___flge@ff1                       cstackCOMRAM 00052A
___flge@ff2                       cstackCOMRAM 00052E
___flmul                          text23       011A3A
___flmul@a                        cstackCOMRAM 000515
___flmul@aexp                     cstackCOMRAM 00051E
___flmul@b                        cstackCOMRAM 000511
___flmul@bexp                     cstackCOMRAM 000523
___flmul@grs                      cstackCOMRAM 00051F
___flmul@prod                     cstackCOMRAM 000524
___flmul@sign                     cstackCOMRAM 00051D
___flmul@temp                     cstackCOMRAM 000528
___flneg                          text22       01515C
___flneg@f1                       cstackCOMRAM 000503
___flsub                          text20       015054
___flsub@a                        cstackCOMRAM 00053E
___flsub@b                        cstackCOMRAM 00053A
___fltol                          text19       014160
___fltol@exp1                     cstackCOMRAM 00050C
___fltol@f1                       cstackCOMRAM 000503
___fltol@sign1                    cstackCOMRAM 00050B
___fpclassifyf                    text18       01436A
___fpclassifyf@F465               bssBANK5     0005D7
___fpclassifyf@e                  cstackCOMRAM 00050B
___fpclassifyf@u                  cstackCOMRAM 00050D
___fpclassifyf@x                  cstackCOMRAM 000503
___heap_hi                        (abs)        000000
___heap_lo                        (abs)        000000
___inthi_sp                       stack        000000
___inthi_stack_hi                 stack        000000
___inthi_stack_lo                 stack        000000
___intlo_sp                       stack        000000
___intlo_stack_hi                 stack        000000
___intlo_stack_lo                 stack        000000
___param_bank                     (abs)        000000
___rparam_used                    (abs)        000001
___sp                             stack        000000
___stack_hi                       stack        000000
___stack_lo                       stack        000000
___xxtofl                         text3        013E2E
___xxtofl@arg                     cstackCOMRAM 00050D
___xxtofl@exp                     cstackCOMRAM 00050C
___xxtofl@sign                    cstackCOMRAM 00050B
___xxtofl@val                     cstackCOMRAM 000503
__accesstop                       (abs)        000560
__activetblptr                    (abs)        000003
__end_of_BIG_FONTS                mediumconst  00F566
__end_of_CCP1_ISR                 text53       014D02
__end_of_I2C1_INIT                text50       015054
__end_of_I2C1_WRITESINGLEBYTE     text48       0149F4
__end_of_SMALL_FONTS              mediumconst  00FEC4
__end_of_SOVIET_FONTS             mediumconst  00FC86
__end_of_SSD1306_I2C_Cadena       text38       012230
__end_of_SSD1306_I2C_Caracter     text40       012C10
__end_of_SSD1306_I2C_ClearDisplay text36       014F1A
__end_of_SSD1306_I2C_DrawPixel    text41       01308A
__end_of_SSD1306_I2C_Imagen       text51       0136A4
__end_of_SSD1306_I2C_Init         text44       0134A6
__end_of_SSD1306_I2C_SendCommand  text47       015120
__end_of_SSD1306_I2C_SendData     text46       015234
__end_of_SSD1306_I2C_SetFont      text49       014940
__end_of_SSD1306_I2C_Update       text45       014554
__end_of_TINY_FONTS               mediumconst  00E982
__end_of_U1RX_ISR                 text55       014DC6
__end_of_U1_INIT                  text43       015252
__end_of___awdiv                  text52       014880
__end_of___awmod                  text33       014AA2
__end_of___fladd                  text21       011A3A
__end_of___fldiv                  text26       0125C0
__end_of___fleq                   text25       014B4C
__end_of___flge                   text24       01436A
__end_of___flmul                  text23       011E60
__end_of___flneg                  text22       015194
__end_of___flsub                  text20       01509A
__end_of___fltol                  text19       014266
__end_of___fpclassifyf            text18       014468
__end_of___xxtofl                 text3        013FE2
__end_of__initialization          cinit        014D62
__end_of_abs                      text32       015200
__end_of_activate_alarm           text35       015260
__end_of_chatgpt                  mediumconst  00FF44
__end_of_configuro                text42       014BF0
__end_of_conversor_humedad        text5        014E1E
__end_of_conversor_milibar        text4        014628
__end_of_conversor_temperatura    text2        013A8E
__end_of_deactivate_alarm         text34       01525C
__end_of_default_ISR              text54       015266
__end_of_dtoa                     text27       013E2E
__end_of_efgtoa                   text13       011584
__end_of_floorf                   text17       01329C
__end_of_fputc                    text30       0147BE
__end_of_fputs                    text29       0150DE
__end_of_labs                     text16       014E74
__end_of_main                     text0        014160
__end_of_memcpy                   text15       014FBA
__end_of_memset                   text37       0151CC
__end_of_menu_ala                 text8        013C78
__end_of_menu_pri                 text6        0138A0
__end_of_menu_wea                 text1        012E54
__end_of_pad                      text28       014C92
__end_of_putch                    text31       015262
__end_of_read_prec_or_width       text12       0146F4
__end_of_sincronizador            text7        010B26
__end_of_sprintf                  text9        014F6A
__end_of_strcpy                   text14       01515C
__end_of_strlen                   text39       01500A
__end_of_vfpfcnvrt                text11       01293E
__end_of_vfprintf                 text10       014EC8
__initialization                  cinit        014D02
__mediumconst                     mediumconst  00E860
__pbssBANK5                       bssBANK5     0005D3
__pbssBANK6                       bssBANK6     000600
__pbssBIGRAM                      bssBIGRAM    000675
__pbssCOMRAM                      bssCOMRAM    00055B
__pcinit                          cinit        014D02
__pcstackBANK5                    cstackBANK5  000560
__pcstackCOMRAM                   cstackCOMRAM 000501
__pdataBANK5                      dataBANK5    0005E8
__pidataBANK5                     idataBANK5   015252
__pivt0x8                         ivt0x8       000008
__pmediumconst                    mediumconst  00E860
__ptext0                          text0        013FE2
__ptext1                          text1        012C10
__ptext10                         text10       014E74
__ptext11                         text11       0125C0
__ptext12                         text12       014628
__ptext13                         text13       010B26
__ptext14                         text14       015120
__ptext15                         text15       014F6A
__ptext16                         text16       014E1E
__ptext17                         text17       01308A
__ptext18                         text18       01436A
__ptext19                         text19       014160
__ptext2                          text2        0138A0
__ptext20                         text20       015054
__ptext21                         text21       011584
__ptext22                         text22       01515C
__ptext23                         text23       011A3A
__ptext24                         text24       014266
__ptext25                         text25       014AA2
__ptext26                         text26       012230
__ptext27                         text27       013C78
__ptext28                         text28       014BF0
__ptext29                         text29       01509A
__ptext3                          text3        013E2E
__ptext30                         text30       0146F4
__ptext31                         text31       015260
__ptext32                         text32       0151CC
__ptext33                         text33       0149F4
__ptext34                         text34       015258
__ptext35                         text35       01525C
__ptext36                         text36       014EC8
__ptext37                         text37       015194
__ptext38                         text38       011E60
__ptext39                         text39       014FBA
__ptext4                          text4        014554
__ptext40                         text40       01293E
__ptext41                         text41       012E54
__ptext42                         text42       014B4C
__ptext43                         text43       015234
__ptext44                         text44       01329C
__ptext45                         text45       014468
__ptext46                         text46       015200
__ptext47                         text47       0150DE
__ptext48                         text48       014940
__ptext49                         text49       014880
__ptext5                          text5        014DC6
__ptext50                         text50       01500A
__ptext51                         text51       0134A6
__ptext52                         text52       0147BE
__ptext53                         text53       014C94
__ptext54                         text54       015264
__ptext55                         text55       014D68
__ptext6                          text6        0136A4
__ptext7                          text7        010000
__ptext8                          text8        013A8E
__ptext9                          text9        014F1A
__ramtop                          ramtop       002600
__smallconst                      smallconst   000000
_abs                              text32       0151CC
_activate_alarm                   text35       01525C
_alahor                           bssBANK5     0005E4
_alamin                           bssBANK5     0005E3
_alaseg                           bssBANK5     0005E2
_buffer                           bssBIGRAM    0013D5
_chatgpt                          mediumconst  00FEC4
_configuro                        text42       014B4C
_conversor_humedad                text5        014DC6
_conversor_milibar                text4        014554
_conversor_temperatura            text2        0138A0
_conversor_temperatura$2605       cstackCOMRAM 00054C
_dbuf                             bssBANK6     000600
_deactivate_alarm                 text34       015258
_default_ISR                      text54       015264
_dia                              dataBANK5    0005EC
_dtoa                             text27       013C78
_dtoa$2183                        cstackCOMRAM 000520
_efgtoa                           text13       010B26
_efgtoa$2214                      cstackBANK5  000566
_flags                            bssBANK5     0005E1
_floorf                           text17       01308A
_fputc                            text30       0146F4
_fputs                            text29       01509A
_horas                            bssCOMRAM    00055D
_indice                           bssBANK5     0005DF
_labs                             text16       014E1E
_main                             text0        013FE2
_memcpy                           text15       014F6A
_memset                           text37       015194
_menu_ala                         text8        013A8E
_menu_pri                         text6        0136A4
_menu_wea                         text1        012C10
_mes                              dataBANK5    0005E8
_minutos                          bssCOMRAM    00055C
_pad                              text28       014BF0
_pantalla                         bssBANK5     0005E7
_prec                             bssBANK5     0005DD
_putch                            text31       015260
_read_prec_or_width               text12       014628
_segundos                         bssCOMRAM    00055B
_semanat                          dataBANK5    0005EA
_sincronizador                    text7        010000
_sprintf                          text9        014F1A
_strcpy                           text14       015120
_strlen                           text39       014FBA
_temperatura                      bssBANK5     0005E6
_ticks                            bssBANK5     0005E5
_tramaserial                      bssBIGRAM    000675
_vfpfcnvrt                        text11       0125C0
_vfprintf                         text10       014E74
_width                            bssBANK5     0005DB
abs@a                             cstackCOMRAM 000509
conversor_humedad@humd            cstackCOMRAM 000507
conversor_humedad@humedad         cstackCOMRAM 00050B
conversor_humedad@humu            cstackCOMRAM 000509
conversor_milibar@cenb            cstackCOMRAM 000513
conversor_milibar@decb            cstackCOMRAM 000515
conversor_milibar@milb            cstackCOMRAM 000511
conversor_milibar@milibar         cstackCOMRAM 000519
conversor_milibar@unib            cstackCOMRAM 000517
conversor_temperatura@celsius     cstackCOMRAM 000548
conversor_temperatura@centena     cstackCOMRAM 000550
conversor_temperatura@centesima   cstackCOMRAM 000558
conversor_temperatura@decena      cstackCOMRAM 000552
conversor_temperatura@decima      cstackCOMRAM 000556
conversor_temperatura@kelvin      cstackCOMRAM 000544
conversor_temperatura@unidad      cstackCOMRAM 000554
dtoa@d                            cstackCOMRAM 00051E
dtoa@fp                           cstackCOMRAM 00051C
dtoa@i                            cstackCOMRAM 000527
dtoa@p                            cstackCOMRAM 000522
dtoa@s                            cstackCOMRAM 000526
dtoa@w                            cstackCOMRAM 000524
efgtoa@c                          cstackCOMRAM 000548
efgtoa@d                          cstackBANK5  00056B
efgtoa@e                          cstackBANK5  00056F
efgtoa@f                          cstackCOMRAM 000544
efgtoa@fp                         cstackCOMRAM 000542
efgtoa@g                          cstackBANK5  000582
efgtoa@h                          cstackBANK5  000577
efgtoa@i                          cstackBANK5  00057F
efgtoa@l                          cstackBANK5  00057B
efgtoa@m                          cstackBANK5  00056D
efgtoa@mode                       cstackBANK5  000569
efgtoa@n                          cstackBANK5  000586
efgtoa@ne                         cstackBANK5  000560
efgtoa@nmode                      cstackBANK5  00056A
efgtoa@ou                         cstackBANK5  000571
efgtoa@p                          cstackBANK5  000562
efgtoa@pp                         cstackBANK5  000568
efgtoa@sign                       cstackBANK5  000581
efgtoa@t                          cstackBANK5  000564
efgtoa@u                          cstackBANK5  000588
efgtoa@w                          cstackBANK5  000575
end_of_initialization             cinit        014D62
floorf@F521                       bssBANK5     0005D3
floorf@e                          cstackCOMRAM 00052A
floorf@m                          cstackCOMRAM 000526
floorf@u                          cstackCOMRAM 00052C
floorf@x                          cstackCOMRAM 00051C
fputc@c                           cstackCOMRAM 000503
fputc@fp                          cstackCOMRAM 000505
fputs@c                           cstackCOMRAM 000510
fputs@fp                          cstackCOMRAM 00050E
fputs@i                           cstackCOMRAM 000511
fputs@s                           cstackCOMRAM 00050C
intlevel0                         text         000000
intlevel1                         text         000000
intlevel2                         text         000000
intlevel3                         text         000000
isa$std                           (abs)        000001
isa$xinst                         (abs)        000000
ivt0x8_base                       ivt0x8       000008
ivt0x8_undefint                   ivt0x8       000100
labs@a                            cstackCOMRAM 000503
main@start                        cstackBANK5  0005D1
memcpy@d                          cstackCOMRAM 00050A
memcpy@d1                         cstackCOMRAM 000503
memcpy@n                          cstackCOMRAM 000507
memcpy@s                          cstackCOMRAM 00050C
memcpy@s1                         cstackCOMRAM 000505
memcpy@tmp                        cstackCOMRAM 000509
memset@c                          cstackCOMRAM 00050D
memset@dest                       cstackCOMRAM 00050B
memset@n                          cstackCOMRAM 00050F
memset@p                          cstackCOMRAM 000511
menu_ala@str_alahor               cstackBANK5  0005A9
menu_ala@str_alamin               cstackBANK5  0005AC
menu_ala@str_alaseg               cstackBANK5  0005AF
menu_pri@str_dia                  cstackBANK5  0005B2
menu_pri@str_horas                cstackBANK5  0005A9
menu_pri@str_minutos              cstackBANK5  0005AC
menu_pri@str_segundos             cstackBANK5  0005AF
menu_wea@hum                      cstackBANK5  0005CD
menu_wea@hum_str                  cstackBANK5  0005BD
menu_wea@milib                    cstackBANK5  0005CB
menu_wea@milib_str                cstackBANK5  0005B3
menu_wea@temp                     cstackBANK5  0005C7
menu_wea@temp_str                 cstackBANK5  0005A9
pad@buf                           cstackCOMRAM 000515
pad@fp                            cstackCOMRAM 000513
pad@i                             cstackCOMRAM 00051A
pad@p                             cstackCOMRAM 000517
read_prec_or_width@ap             cstackCOMRAM 000505
read_prec_or_width@c              cstackCOMRAM 000509
read_prec_or_width@fmt            cstackCOMRAM 000503
read_prec_or_width@n              cstackCOMRAM 00050A
sincronizador@dia_encontrado      cstackCOMRAM 00050F
sincronizador@hora_encontrada     cstackCOMRAM 000512
sincronizador@i                   cstackCOMRAM 000513
sincronizador@mes_encontrado      cstackCOMRAM 000511
sincronizador@num_encontrado      cstackCOMRAM 000510
sincronizador@suma_mes            cstackCOMRAM 00050D
sincronizador@suma_semana         cstackCOMRAM 00050B
sprintf@ap                        cstackBANK5  00059C
sprintf@f                         cstackBANK5  00059E
sprintf@fmt                       cstackBANK5  000596
sprintf@s                         cstackBANK5  000594
stackhi                           (abs)        000000
stacklo                           (abs)        000000
start                             init         000102
start_initialization              cinit        014D02
strcpy@d                          cstackCOMRAM 000507
strcpy@dest                       cstackCOMRAM 000503
strcpy@src                        cstackCOMRAM 000505
strlen@a                          cstackCOMRAM 000505
strlen@s                          cstackCOMRAM 000503
vfpfcnvrt@ap                      cstackCOMRAM 00054F
vfpfcnvrt@c                       cstackCOMRAM 000558
vfpfcnvrt@convarg                 cstackCOMRAM 000554
vfpfcnvrt@cp                      cstackCOMRAM 000559
vfpfcnvrt@done                    cstackCOMRAM 000553
vfpfcnvrt@fmt                     cstackCOMRAM 00054D
vfpfcnvrt@fp                      cstackCOMRAM 00054B
vfprintf@ap                       cstackBANK5  000590
vfprintf@cfmt                     cstackBANK5  000592
vfprintf@fmt                      cstackBANK5  00058E
vfprintf@fp                       cstackBANK5  00058C


MODULE INFORMATION

Module		Function		Class		Link	Load	Size
C:\Program Files\Microchip\xc8\v2.50\pic\sources\c99\common\memcpy.c
		_memcpy        		CODE           	14F6A	0000	80

C:\Program Files\Microchip\xc8\v2.50\pic\sources\c99\common\memcpy.c estimated size: 80

C:\Program Files\Microchip\xc8\v2.50\pic\sources\c99\common\flneg.c
		___flneg       		CODE           	1515C	0000	56

C:\Program Files\Microchip\xc8\v2.50\pic\sources\c99\common\flneg.c estimated size: 56

C:\Program Files\Microchip\xc8\v2.50\pic\sources\c99\common\nf_fputs.c
		_fputs         		CODE           	1509A	0000	68

C:\Program Files\Microchip\xc8\v2.50\pic\sources\c99\common\nf_fputs.c estimated size: 68

C:\Program Files\Microchip\xc8\v2.50\pic\sources\c99\common\sprcmul.c
		___flmul       		CODE           	11A3A	0000	1062

C:\Program Files\Microchip\xc8\v2.50\pic\sources\c99\common\sprcmul.c estimated size: 1062

C:\Program Files\Microchip\xc8\v2.50\pic\sources\c99\common\sprcdiv.c
		___fldiv       		CODE           	12230	0000	912

C:\Program Files\Microchip\xc8\v2.50\pic\sources\c99\common\sprcdiv.c estimated size: 912

C:\Program Files\Microchip\xc8\v2.50\pic\sources\c99\common\floorf.c
		_floorf        		CODE           	1308A	0000	530

C:\Program Files\Microchip\xc8\v2.50\pic\sources\c99\common\floorf.c estimated size: 530

C:\Program Files\Microchip\xc8\v2.50\pic\sources\c99\common\awmod.c
		___awmod       		CODE           	149F4	0000	174

C:\Program Files\Microchip\xc8\v2.50\pic\sources\c99\common\awmod.c estimated size: 174

C:\Program Files\Microchip\xc8\v2.50\pic\sources\c99\common\putch.c
		_putch         		CODE           	15260	0000	2

C:\Program Files\Microchip\xc8\v2.50\pic\sources\c99\common\putch.c estimated size: 2

C:\Program Files\Microchip\xc8\v2.50\pic\sources\c99\common\abs.c
		_abs           		CODE           	151CC	0000	52

C:\Program Files\Microchip\xc8\v2.50\pic\sources\c99\common\abs.c estimated size: 52

C:\Program Files\Microchip\xc8\v2.50\pic\sources\c99\common\fleq.c
		___fleq        		CODE           	14AA2	0000	170

C:\Program Files\Microchip\xc8\v2.50\pic\sources\c99\common\fleq.c estimated size: 170

C:\Program Files\Microchip\xc8\v2.50\pic\sources\c99\common\xxtofl.c
		___xxtofl      		CODE           	13E2E	0000	436

C:\Program Files\Microchip\xc8\v2.50\pic\sources\c99\common\xxtofl.c estimated size: 436

SSD1306.c
		_SSD1306_I2C_DrawPixel		CODE           	12E54	0000	566
		_SSD1306_I2C_Caracter		CODE           	1293E	0000	722
		_SSD1306_I2C_Init		CODE           	1329C	0000	522
		_SSD1306_I2C_SendData		CODE           	15200	0000	52
		_SSD1306_I2C_ClearDisplay		CODE           	14EC8	0000	82
		_SSD1306_I2C_Cadena		CODE           	11E60	0000	976
		_SSD1306_I2C_Update		CODE           	14468	0000	236
		_SSD1306_I2C_SetFont		CODE           	14880	0000	192
		_SSD1306_I2C_Imagen		CODE           	134A6	0000	510
		_SSD1306_I2C_SendCommand		CODE           	150DE	0000	66

SSD1306.c estimated size: 3924

C:\Program Files\Microchip\xc8\v2.50\pic\sources\c99\common\__fpclassifyf.c
		___fpclassifyf 		CODE           	1436A	0000	254

C:\Program Files\Microchip\xc8\v2.50\pic\sources\c99\common\__fpclassifyf.c estimated size: 254

C:\Program Files\Microchip\xc8\v2.50\pic\sources\c99\common\strlen.c
		_strlen        		CODE           	14FBA	0000	80

C:\Program Files\Microchip\xc8\v2.50\pic\sources\c99\common\strlen.c estimated size: 80

C:\Program Files\Microchip\xc8\v2.50\pic\sources\c99\common\strcpy.c
		_strcpy        		CODE           	15120	0000	60

C:\Program Files\Microchip\xc8\v2.50\pic\sources\c99\common\strcpy.c estimated size: 60

LIB_UART.c
		_U1_INIT       		CODE           	15234	0000	30

LIB_UART.c estimated size: 30

C:\Program Files\Microchip\xc8\v2.50\pic\sources\c99\common\sprcadd.c
		___flsub       		CODE           	15054	0000	70
		___fladd       		CODE           	11584	0000	1206

C:\Program Files\Microchip\xc8\v2.50\pic\sources\c99\common\sprcadd.c estimated size: 1276

C:\Program Files\Microchip\xc8\v2.50\pic\sources\c99\common\nf_sprintf.c
		_sprintf       		CODE           	14F1A	0000	80

C:\Program Files\Microchip\xc8\v2.50\pic\sources\c99\common\nf_sprintf.c estimated size: 80

C:\Program Files\Microchip\xc8\v2.50\pic\sources\c99\common\memset.c
		_memset        		CODE           	15194	0000	56

C:\Program Files\Microchip\xc8\v2.50\pic\sources\c99\common\memset.c estimated size: 56

C:\Program Files\Microchip\xc8\v2.50\pic\sources\c99\common\nf_fputc.c
		_fputc         		CODE           	146F4	0000	202

C:\Program Files\Microchip\xc8\v2.50\pic\sources\c99\common\nf_fputc.c estimated size: 202

shared
		_TINY_FONTS    		MEDIUMCONST    	E861	0000	289
		_BIG_FONTS     		MEDIUMCONST    	E982	0000	3044
		__initialization		CODE           	14D02	0000	96
		_chatgpt       		MEDIUMCONST    	FEC4	0000	128
		_SOVIET_FONTS  		MEDIUMCONST    	F566	0000	1824
		_SMALL_FONTS   		MEDIUMCONST    	FC86	0000	574

shared estimated size: 5955

I2C_LCD.c
		_I2C1_INIT     		CODE           	1500A	0000	74
		_I2C1_WRITESINGLEBYTE		CODE           	14940	0000	180

I2C_LCD.c estimated size: 254

C:\Program Files\Microchip\xc8\v2.50\pic\sources\c99\common\awdiv.c
		___awdiv       		CODE           	147BE	0000	194

C:\Program Files\Microchip\xc8\v2.50\pic\sources\c99\common\awdiv.c estimated size: 194

C:\Program Files\Microchip\xc8\v2.50\pic\sources\c99\common\fltol.c
		___fltol       		CODE           	14160	0000	262

C:\Program Files\Microchip\xc8\v2.50\pic\sources\c99\common\fltol.c estimated size: 262

C:\Program Files\Microchip\xc8\v2.50\pic\sources\c99\common\doprnt.c
		_read_prec_or_width		CODE           	14628	0000	204
		_vfpfcnvrt     		CODE           	125C0	0000	894
		_efgtoa        		CODE           	10B26	0000	2654
		_pad           		CODE           	14BF0	0000	162
		_dtoa          		CODE           	13C78	0000	438
		_vfprintf      		CODE           	14E74	0000	84

C:\Program Files\Microchip\xc8\v2.50\pic\sources\c99\common\doprnt.c estimated size: 4436

C:\Program Files\Microchip\xc8\v2.50\pic\sources\c99\common\labs.c
		_labs          		CODE           	14E1E	0000	86

C:\Program Files\Microchip\xc8\v2.50\pic\sources\c99\common\labs.c estimated size: 86

C:\Program Files\Microchip\xc8\v2.50\pic\sources\c99\common\flge.c
		___flge        		CODE           	14266	0000	260

C:\Program Files\Microchip\xc8\v2.50\pic\sources\c99\common\flge.c estimated size: 260

GUSWATCHF.c
		_configuro     		CODE           	14B4C	0000	164
		_activate_alarm		CODE           	1525C	0000	4
		_default_ISR   		CODE           	15264	0000	2
		_menu_ala      		CODE           	13A8E	0000	490
		_conversor_humedad		CODE           	14DC6	0000	88
		_main          		CODE           	13FE2	0000	382
		_conversor_temperatura		CODE           	138A0	0000	494
		_conversor_milibar		CODE           	14554	0000	212
		_deactivate_alarm		CODE           	15258	0000	4
		_sincronizador 		CODE           	10000	0000	2854
		_CCP1_ISR      		CODE           	14C94	0000	110
		_menu_pri      		CODE           	136A4	0000	508
		_U1RX_ISR      		CODE           	14D68	0000	94
		_menu_wea      		CODE           	12C10	0000	580

GUSWATCHF.c estimated size: 5986

